// Jest Snapshot v1, https://goo.gl/fbAQLP

exports[`Box render matches snapshot 1`] = `
<DocumentFragment>
  <div>
    <div
      class="Box"
      style="width: 100px; height: 100px;"
    >
      <button
        data-testid="delete-box"
      >
        X
      </button>
    </div>
  </div>
</DocumentFragment>
`;
